============================================================
Brain-to-Text Transformer Training
============================================================
PyTorch version: 2.1.0+cu121
CUDA available: True
CUDA version: 12.1
GPU: NVIDIA GeForce RTX 3080
============================================================

Configuration:
  data_dir: /data/t15_copyTask_neuralData/hdf5_data_final
  output_dir: /outputs/exp09_d384_b12_20251128_043602
  max_days: 45
  d_model: 384
  epochs: 45
  batch_size: 12
  lr: 0.0001
  num_workers: 2
  warmup_epochs: 2
  patience: 10
  min_delta: 0.001
  resume: False
  cuda: True
  log_interval: 40
  save_interval: 1
============================================================
Using CUDA: NVIDIA GeForce RTX 3080
CUDA Memory: 10.74 GB
TF32 enabled for faster matrix operations
TensorBoard logs: /outputs/exp09_d384_b12_20251128_043602/tensorboard

Loading data from: /data/t15_copyTask_neuralData/hdf5_data_final
Loaded 8072 trials from 45 days (train)

Label distribution (train):
  0 (BLANK): 3821756 (94.7%)
  1 (AA): 3403 (0.1%)
  2 (AE): 4373 (0.1%)
  3 (AH): 12662 (0.3%)
  4 (AO): 2341 (0.1%)
  5 (AW): 1316 (0.0%)
  6 (AY): 5337 (0.1%)
  7 (B): 2593 (0.1%)
  8 (CH): 736 (0.0%)
  9 (D): 6260 (0.2%)
  ... (41 unique labels total)
Found 41 validation files (some sessions may not have val data)
Loaded 1426 trials from 41 days (val)

Label distribution (val):
  0 (BLANK): 671608 (94.2%)
  1 (AA): 661 (0.1%)
  2 (AE): 772 (0.1%)
  3 (AH): 2705 (0.4%)
  4 (AO): 544 (0.1%)
  5 (AW): 226 (0.0%)
  6 (AY): 809 (0.1%)
  7 (B): 468 (0.1%)
  8 (CH): 167 (0.0%)
  9 (D): 1274 (0.2%)
  ... (41 unique labels total)

Creating model with d_model=384, 45 days
/usr/local/lib/python3.10/dist-packages/torch/nn/modules/transformer.py:282: UserWarning: enable_nested_tensor is True, but self.use_nested_tensor is False because encoder_layer.norm_first was True
  warnings.warn(f"enable_nested_tensor is True, but self.use_nested_tensor is False because {why_not_sparsity_fast_path}")
Applied Xavier initialization to all layers
Total parameters: 16,811,561
Trainable parameters: 16,811,561
LR Scheduler: 1346 warmup steps, 30285 total steps
Early stopping: patience=10, min_delta=0.001

Starting training for 45 epochs...
============================================================
Epoch 1/45 | Batch 0/673 | Loss: 5.0386 | LR: 0.00e+00
Epoch 1/45 | Batch 40/673 | Loss: 0.9444 | LR: 2.97e-06
Epoch 1/45 | Batch 80/673 | Loss: 0.8776 | LR: 5.94e-06
Epoch 1/45 | Batch 120/673 | Loss: 0.8359 | LR: 8.92e-06
Epoch 1/45 | Batch 160/673 | Loss: 0.8300 | LR: 1.19e-05
Epoch 1/45 | Batch 200/673 | Loss: 0.8197 | LR: 1.49e-05
Traceback (most recent call last):
  File "/app/train_transformer.py", line 973, in <module>
    main()
  File "/app/train_transformer.py", line 969, in main
    train(args)
  File "/app/train_transformer.py", line 710, in train
    logits = model(inputData, targets, feature_mask, label_mask, day_idx)
  File "/usr/local/lib/python3.10/dist-packages/torch/nn/modules/module.py", line 1518, in _wrapped_call_impl
    return self._call_impl(*args, **kwargs)
  File "/usr/local/lib/python3.10/dist-packages/torch/nn/modules/module.py", line 1527, in _call_impl
    return forward_call(*args, **kwargs)
  File "/app/train_transformer.py", line 338, in forward
    logits = self.decoder(
  File "/usr/local/lib/python3.10/dist-packages/torch/nn/modules/module.py", line 1518, in _wrapped_call_impl
    return self._call_impl(*args, **kwargs)
  File "/usr/local/lib/python3.10/dist-packages/torch/nn/modules/module.py", line 1527, in _call_impl
    return forward_call(*args, **kwargs)
  File "/app/train_transformer.py", line 281, in forward
    out = self.decoder(
  File "/usr/local/lib/python3.10/dist-packages/torch/nn/modules/module.py", line 1518, in _wrapped_call_impl
    return self._call_impl(*args, **kwargs)
  File "/usr/local/lib/python3.10/dist-packages/torch/nn/modules/module.py", line 1527, in _call_impl
    return forward_call(*args, **kwargs)
  File "/usr/local/lib/python3.10/dist-packages/torch/nn/modules/transformer.py", line 460, in forward
    output = mod(output, memory, tgt_mask=tgt_mask,
  File "/usr/local/lib/python3.10/dist-packages/torch/nn/modules/module.py", line 1518, in _wrapped_call_impl
    return self._call_impl(*args, **kwargs)
  File "/usr/local/lib/python3.10/dist-packages/torch/nn/modules/module.py", line 1527, in _call_impl
    return forward_call(*args, **kwargs)
  File "/usr/local/lib/python3.10/dist-packages/torch/nn/modules/transformer.py", line 843, in forward
    x = x + self._mha_block(self.norm2(x), memory, memory_mask, memory_key_padding_mask, memory_is_causal)
  File "/usr/local/lib/python3.10/dist-packages/torch/nn/modules/transformer.py", line 865, in _mha_block
    x = self.multihead_attn(x, mem, mem,
  File "/usr/local/lib/python3.10/dist-packages/torch/nn/modules/module.py", line 1518, in _wrapped_call_impl
    return self._call_impl(*args, **kwargs)
  File "/usr/local/lib/python3.10/dist-packages/torch/nn/modules/module.py", line 1527, in _call_impl
    return forward_call(*args, **kwargs)
  File "/usr/local/lib/python3.10/dist-packages/torch/nn/modules/activation.py", line 1241, in forward
    attn_output, attn_output_weights = F.multi_head_attention_forward(
  File "/usr/local/lib/python3.10/dist-packages/torch/nn/functional.py", line 5300, in multi_head_attention_forward
    q, k, v = _in_projection_packed(query, key, value, in_proj_weight, in_proj_bias)
  File "/usr/local/lib/python3.10/dist-packages/torch/nn/functional.py", line 4836, in _in_projection_packed
    kv_proj = linear(k, w_kv, b_kv)
RuntimeError: CUDA driver error: out of memory
